(base) l.bhagirathirao@dsc039:~/dspractice$ cd Deep-learning-code/
(base) l.bhagirathirao@dsc039:~/dspractice/Deep-learning-code$ git status
On branch main
Your branch is up to date with 'origin/main'.

nothing to commit, working tree clean
(base) l.bhagirathirao@dsc039:~/dspractice/Deep-learning-code$ git add bedartha8.txt
fatal: pathspec 'bedartha8.txt' did not match any files
(base) l.bhagirathirao@dsc039:~/dspractice/Deep-learning-code$ ls
DL  random.py
(base) l.bhagirathirao@dsc039:~/dspractice/Deep-learning-code$ git add bedartha8.txt
(base) l.bhagirathirao@dsc039:~/dspractice/Deep-learning-code$ git commit -m "lecture 8"
[main 6eb61bb] lecture 8
 1 file changed, 85 insertions(+)
 create mode 100644 bedartha8.txt
(base) l.bhagirathirao@dsc039:~/dspractice/Deep-learning-code$ git status
On branch main
Your branch is ahead of 'origin/main' by 1 commit.
  (use "git push" to publish your local commits)

nothing to commit, working tree clean
(base) l.bhagirathirao@dsc039:~/dspractice/Deep-learning-code$ git push origin main 
Username for 'https://github.com': ^C
(base) l.bhagirathirao@dsc039:~/dspractice/Deep-learning-code$ cd ../../
(base) l.bhagirathirao@dsc039:~$ ls
 Column_wise_statistics.py                       Public
 Desktop                                         scikit_learn_data
 Documents                                       snap
 Downloads                                       Templates
 dspractice                                      Transaction.py
'ghp aZVP7YEhIKpLkv2R6SiOBPhPrcRzRV42CpfS.txt'   Untitled1.ipynb
 l                                               Untitled2.ipynb
 miniconda3                                      Untitled.ipynb
 Music                                           Videos
 Pictures
(base) l.bhagirathirao@dsc039:~$ vim .gitconfig 
(base) l.bhagirathirao@dsc039:~$ cd dspractice/Deep-learning-code/
(base) l.bhagirathirao@dsc039:~/dspractice/Deep-learning-code$ ls
bedartha8.txt  DL  random.py
(base) l.bhagirathirao@dsc039:~/dspractice/Deep-learning-code$ git push origin main 
Username for 'https://github.com': Lbhagirathi
Password for 'https://Lbhagirathi@github.com': 
Enumerating objects: 4, done.
Counting objects: 100% (4/4), done.
Delta compression using up to 12 threads
Compressing objects: 100% (3/3), done.
Writing objects: 100% (3/3), 1.22 KiB | 1.22 MiB/s, done.
Total 3 (delta 0), reused 0 (delta 0), pack-reused 0
To https://github.com/Lbhagirathi/Deep-learning-code.git
   2e8c99b..6eb61bb  main -> main
(base) l.bhagirathirao@dsc039:~/dspractice/Deep-learning-code$ touch sample.txt
(base) l.bhagirathirao@dsc039:~/dspractice/Deep-learning-code$ git add sample.txt 
(base) l.bhagirathirao@dsc039:~/dspractice/Deep-learning-code$ git commit -m 'sample'
[main 86288f8] sample
 1 file changed, 0 insertions(+), 0 deletions(-)
 create mode 100644 sample.txt
(base) l.bhagirathirao@dsc039:~/dspractice/Deep-learning-code$ git push origin main
Enumerating objects: 4, done.
Counting objects: 100% (4/4), done.
Delta compression using up to 12 threads
Compressing objects: 100% (2/2), done.
Writing objects: 100% (3/3), 284 bytes | 284.00 KiB/s, done.
Total 3 (delta 1), reused 0 (delta 0), pack-reused 0
remote: Resolving deltas: 100% (1/1), completed with 1 local object.
To https://github.com/Lbhagirathi/Deep-learning-code.git
   6eb61bb..86288f8  main -> main



